// Jest Snapshot v1, https://goo.gl/fbAQLP

exports[`Button Render Correctly 1`] = `null`;

exports[`Button show disabled state 1`] = `null`;

exports[`Button show loading state 1`] = `null`;
